== node --check
ok    Humanities_Teesside/BUILD_W1-W8_2026-27/BUILD_HUM_W7_A_place_in_the_group_Classic.html dup-ids=[]
ok    Humanities_Teesside/BUILD_W14-W20_2026-27/BUILD_HUM_W12_A_celebration_in_order_Classic.html dup-ids=[]
ok    Humanities_Teesside/BUILD_W14-W20_2026-27/BUILD_HUM_W14_A_fair_chance_to_join_in_Classic.html dup-ids=[]
ok    Humanities_Teesside/GROW_W9-W14_2026-27/GROW_HUM_W10_Teesside_Connected_World_OUTSTANDING_V3_1.html dup-ids=[]
ok    Humanities_Teesside/GROW_W9-W14_2026-27/GROW_HUM_W13_Compare_celebrations_with_care_Classic.html dup-ids=[]
ok    Humanities_Teesside/GROW_W9-W14_2026-27/GROW_HUM_W12_Festival_lights_across_places_Classic.html dup-ids=[]
ok    Humanities_Teesside/LAUNCH_W1-W8_2026-27/LAUNCH_HUM_W3_Can_this_record_prove_it_Classic.html dup-ids=[]
ok    Humanities_Teesside/LAUNCH_W9-W14_2026-27/LAUNCH_HUM_W11_A_growing_town_an_urbanising_region_Classic.html dup-ids=[]
ok    Launch/Slideshows/LAUNCH_HUM_W9_Find_it_with_a_grid_reference_Classic.html dup-ids=[]
scripts with syntax errors: 0
== sentinel sets vs origin/main
sentinels: set-identical to origin/main (loop-mark 51 · closure 166)
== s24 print render
G12 s24-print-renders    9 surfaces / 9 renders / 52 pages · learner-confirmation n/a (no surface promises one) · near-blank pages 0 · sparse (reported, not failed) 1 · DELIVERY ONLY (no --expect list; coverage unproven)
===== G12 s24-print-renders: PASS =====
== 390 px boot
PASS /Lessons/Humanities_Teesside/BUILD_W1-W8_2026-27/BUILD_HUM_W7_A_place_in_the_group_Classic.html errors=0 failed=0 home={"x":8,"y":6,"w":73,"h":19,"display":"inline-block","visibility":"visible","inViewport":true} guide=0/8 btn=true h1=1 overflow=false storage=0 
PASS /Lessons/Humanities_Teesside/BUILD_W14-W20_2026-27/BUILD_HUM_W12_A_celebration_in_order_Classic.html errors=0 failed=0 home={"x":8,"y":6,"w":73,"h":19,"display":"inline-block","visibility":"visible","inViewport":true} guide=0/8 btn=false h1=1 overflow=false storage=0 
PASS /Lessons/Humanities_Teesside/BUILD_W14-W20_2026-27/BUILD_HUM_W14_A_fair_chance_to_join_in_Classic.html errors=0 failed=0 home={"x":8,"y":6,"w":73,"h":19,"display":"inline-block","visibility":"visible","inViewport":true} guide=0/8 btn=true h1=1 overflow=false storage=0 
PASS /Lessons/Humanities_Teesside/GROW_W9-W14_2026-27/GROW_HUM_W10_Teesside_Connected_World_OUTSTANDING_V3_1.html errors=0 failed=0 home={"x":8,"y":6,"w":73,"h":19,"display":"inline-block","visibility":"visible","inViewport":true} guide=0/8 btn=false h1=1 overflow=false storage=0 
PASS /Lessons/Humanities_Teesside/GROW_W9-W14_2026-27/GROW_HUM_W13_Compare_celebrations_with_care_Classic.html errors=0 failed=0 home={"x":8,"y":6,"w":73,"h":19,"display":"inline-block","visibility":"visible","inViewport":true} guide=0/8 btn=false h1=1 overflow=false storage=0 
PASS /Lessons/Humanities_Teesside/GROW_W9-W14_2026-27/GROW_HUM_W12_Festival_lights_across_places_Classic.html errors=0 failed=0 home={"x":8,"y":6,"w":73,"h":19,"display":"inline-block","visibility":"visible","inViewport":true} guide=0/8 btn=false h1=1 overflow=false storage=0 
PASS /Lessons/Humanities_Teesside/LAUNCH_W1-W8_2026-27/LAUNCH_HUM_W3_Can_this_record_prove_it_Classic.html errors=0 failed=0 home={"x":8,"y":6,"w":73,"h":19,"display":"inline-block","visibility":"visible","inViewport":true} guide=0/8 btn=true h1=1 overflow=false storage=0 
PASS /Lessons/Humanities_Teesside/LAUNCH_W9-W14_2026-27/LAUNCH_HUM_W11_A_growing_town_an_urbanising_region_Classic.html errors=0 failed=0 home={"x":8,"y":6,"w":73,"h":19,"display":"inline-block","visibility":"visible","inViewport":true} guide=0/8 btn=false h1=1 overflow=false storage=0 
PASS /Lessons/Launch/Slideshows/LAUNCH_HUM_W9_Find_it_with_a_grid_reference_Classic.html errors=0 failed=0 home={"x":8,"y":6,"w":73,"h":19,"display":"inline-block","visibility":"visible","inViewport":true} guide=0/8 btn=true h1=1 overflow=false storage=0 
== tier gate (condition measured; PEQ *_Estate_v3 only)
tier gate exit 1 · v3 tier gate: 2 FAILURES
== s23 names: MEASUREMENT INVALID by design (reference list absent; gates.py g10)
== data-URI images > 50 KB across landed files: 0
FAMILY GATES rc=0
