baseline: 0 failure(s); 0 unreachable

  X1a    watched      V1->CONTROL V1->CONTROL V1->CONTROL 
  X1b    watched      V1->CONTROL 
  X1c    LOAD-BEARING ERR->ERROR V1->REGRESSION V1->CONTROL V1->REGRESSION V1->CONTROL V1->REGRESSION V1->CONTROL V1->REGRESSION V1->CONTROL V3-roundtrip->REGRESSION V3-legacy->BROKEN V4->CONTROL V4->CONTROL 
  X2a    watched      V2a->CONTROL V2c->CONTROL V2g->CONTROL V3-roundtrip-work->CONTROL 
  X2b    watched      V2d->CONTROL 
  X2c    watched      V2e->CONTROL 
  X2d    watched      V2b->REGRESSION V2g->CONTROL 
  X3a    watched      V3->CONTROL 
  X3c    watched      V3->CONTROL 
  X3d    watched      V3-roundtrip->REGRESSION 
  X3e    watched      V3-roundtrip->REGRESSION 
  X4     watched      V4->CONTROL V4->CONTROL 
  X5a    LOAD-BEARING ERR->ERROR V2b->REGRESSION V2g->CONTROL V3-roundtrip->REGRESSION V3-legacy->BROKEN V5c->CONTROL V6.4b->CONTROL 
  X5b    watched      V5c->CONTROL 
  X6c    watched      V6.4a->CONTROL V6.4b->CONTROL 
  X6d1   watched      V6.5->CONTROL 
  X6d2   watched      V6.5->CONTROL 
  X6d3   watched      V6.5->CONTROL 

LOAD-BEARING = its sole removal leaves a build that does not run. A real red,
but it measures the crash, not the behaviour, so it is labelled rather than counted
as a behavioural control. Every other transform's removal was measured.

every transform has a gate that changes verdict without it
